// yarn not installed

npm install -g yarn

//localhost not working 

$env:NODE_OPTIONS = "--openssl-legacy-provider"
